Data Structures for Stress Analysis Run : Wed May 18 16:00:41 2022


CMaxStruct --->
devName = R
devType = RES
topLevelRefDes = R5
refDes = R5
spiceDesig = R
scaldPath = R5
simTemp = 27
simTime = 1e-06
        CMaxParam ------>
        keyword = PDM
        description = Maximum power dissipation
        maxOpStatus = 100
        maxOpValue = 0.25
        maxOpMask = 6
        errorLevel = 0
        peakDeratedMax = 0.201842
        averageDeratedMax = 0.201842
        rmsDeratedMax = 0.201842
        peak = 0.0144084
        average = 0.0144084
        rms = 0.0144084
        peakPercent = 7.13847
        averagePercent = 7.13847
        rmsPercent = 7.13847
        node1Index = -1
        node2Index = -1
        currentIndex = -1
        lastValue = 0
        CMaxParam ------>
        keyword = RV
        description = Maximum voltage
        maxOpStatus = 101
        maxOpValue = 1e+35
        maxOpMask = 7
        errorLevel = 1
        peakDeratedMax = 1e+35
        averageDeratedMax = 1e+35
        rmsDeratedMax = 1e+35
        peak = -1e+100
        average = 0
        rms = 0
        peakPercent = 0
        averagePercent = 0
        rmsPercent = 0
        node1Index = -1
        node1 = 1
        node2Index = -1
        node2 = 2
        currentIndex = -1
        lastValue = 0
        CMaxParam ------>
        keyword = TB
        description = Maximum breakdown temperature
        maxOpStatus = 100
        maxOpValue = 200
        maxOpMask = 3
        errorLevel = 0
        peakDeratedMax = 200
        averageDeratedMax = 200
        rmsDeratedMax = 200
        peak = 38.5267
        average = 38.5267
        rms = 38.5267
        peakPercent = 19.2634
        averagePercent = 19.2634
        rmsPercent = 19.2634
        node1Index = -1
        node2Index = -1
        currentIndex = -1
        lastValue = 0
CMaxStruct --->
devName = D1N4148
devType = DIODE
topLevelRefDes = D2
refDes = D2
spiceDesig = X
scaldPath = D2
simTemp = 27
simTime = 1e-06
        CMaxParam ------>
        keyword = IF
        description = Max forward current
        maxOpStatus = 101
        maxOpValue = 1e+35
        maxOpMask = 3
        errorLevel = 1
        peakDeratedMax = 1e+35
        averageDeratedMax = 1e+35
        rmsDeratedMax = 1e+35
        peak = -1e+100
        average = 0
        rms = 0
        peakPercent = 0
        averagePercent = 0
        rmsPercent = 0
        node1Index = -1
        node2Index = -1
        currentIndex = -1
        portName = 1
        lastValue = 0
        CMaxParam ------>
        keyword = PDM
        description = Maximum power dissipation
        maxOpStatus = 100
        maxOpValue = 0.5
        maxOpMask = 6
        errorLevel = 2
        peakDeratedMax = 0.5
        averageDeratedMax = 0.5
        rmsDeratedMax = 0.5
        peak = 4.60648e-08
        average = 4.60647e-08
        rms = 4.60647e-08
        peakPercent = 9.21296e-06
        averagePercent = 9.21295e-06
        rmsPercent = 9.21295e-06
        node1Index = -1
        node2Index = -1
        currentIndex = -1
        lastValue = 0
        CMaxParam ------>
        keyword = TJ
        description = Maximum junction temperature
        maxOpStatus = 100
        maxOpValue = 200
        maxOpMask = 3
        errorLevel = 0
        peakDeratedMax = 200
        averageDeratedMax = 200
        rmsDeratedMax = 200
        peak = 27
        average = 27
        rms = 27
        peakPercent = 13.5
        averagePercent = 13.5
        rmsPercent = 13.5
        node1Index = -1
        node2Index = -1
        currentIndex = -1
        lastValue = 0
        CMaxParam ------>
        keyword = VR
        description = Peak reverse voltage
        maxOpStatus = 100
        maxOpValue = 75
        maxOpMask = 4
        errorLevel = 0
        peakDeratedMax = 75
        averageDeratedMax = 75
        rmsDeratedMax = 75
        peak = 7.0356
        average = 7.0356
        rms = 7.0356
        peakPercent = 9.38079
        averagePercent = 9.38079
        rmsPercent = 9.38079
        node1Index = -1
        node1 = 2
        node2Index = -1
        node2 = 1
        currentIndex = -1
        lastValue = 0
CMaxStruct --->
devName = C
devType = CAP
topLevelRefDes = C1
refDes = C1
spiceDesig = C
scaldPath = C1
simTemp = 27
simTime = 1e-06
        CMaxParam ------>
        keyword = CV
        description = Maximum voltage
        maxOpStatus = 100
        maxOpValue = 50
        maxOpMask = 7
        errorLevel = 0
        peakDeratedMax = 50
        averageDeratedMax = 50
        rmsDeratedMax = 50
        peak = 14.0713
        average = 14.0713
        rms = 14.0713
        peakPercent = 28.1426
        averagePercent = 28.1426
        rmsPercent = 28.1426
        node1Index = -1
        node1 = 1
        node2Index = -1
        node2 = 2
        currentIndex = -1
        lastValue = 0
        CMaxParam ------>
        keyword = CI
        description = Maximum current
        maxOpStatus = 100
        maxOpValue = 1
        maxOpMask = 7
        errorLevel = 0
        peakDeratedMax = 1
        averageDeratedMax = 1
        rmsDeratedMax = 1
        peak = 1.16415e-10
        average = 1.43874e-11
        rms = 1.74972e-11
        peakPercent = 1.16415e-08
        averagePercent = 1.43874e-09
        rmsPercent = 1.74972e-09
        node1Index = -1
        node2Index = -1
        currentIndex = 0
        portName = 1
        lastValue = 0
CMaxStruct --->
devName = D1N4148
devType = DIODE
topLevelRefDes = D4
refDes = D4
spiceDesig = X
scaldPath = D4
simTemp = 27
simTime = 1e-06
        CMaxParam ------>
        keyword = IF
        description = Max forward current
        maxOpStatus = 101
        maxOpValue = 1e+35
        maxOpMask = 3
        errorLevel = 1
        peakDeratedMax = 1e+35
        averageDeratedMax = 1e+35
        rmsDeratedMax = 1e+35
        peak = -1e+100
        average = 0
        rms = 0
        peakPercent = 0
        averagePercent = 0
        rmsPercent = 0
        node1Index = -1
        node2Index = -1
        currentIndex = -1
        portName = 1
        lastValue = 0
        CMaxParam ------>
        keyword = PDM
        description = Maximum power dissipation
        maxOpStatus = 100
        maxOpValue = 0.5
        maxOpMask = 6
        errorLevel = 2
        peakDeratedMax = 0.5
        averageDeratedMax = 0.5
        rmsDeratedMax = 0.5
        peak = 4.60648e-08
        average = 4.60647e-08
        rms = 4.60647e-08
        peakPercent = 9.21296e-06
        averagePercent = 9.21295e-06
        rmsPercent = 9.21295e-06
        node1Index = -1
        node2Index = -1
        currentIndex = -1
        lastValue = 0
        CMaxParam ------>
        keyword = TJ
        description = Maximum junction temperature
        maxOpStatus = 100
        maxOpValue = 200
        maxOpMask = 3
        errorLevel = 0
        peakDeratedMax = 200
        averageDeratedMax = 200
        rmsDeratedMax = 200
        peak = 27
        average = 27
        rms = 27
        peakPercent = 13.5
        averagePercent = 13.5
        rmsPercent = 13.5
        node1Index = -1
        node2Index = -1
        currentIndex = -1
        lastValue = 0
        CMaxParam ------>
        keyword = VR
        description = Peak reverse voltage
        maxOpStatus = 100
        maxOpValue = 75
        maxOpMask = 4
        errorLevel = 0
        peakDeratedMax = 75
        averageDeratedMax = 75
        rmsDeratedMax = 75
        peak = 7.0356
        average = 7.0356
        rms = 7.0356
        peakPercent = 9.38079
        averagePercent = 9.38079
        rmsPercent = 9.38079
        node1Index = -1
        node1 = 2
        node2Index = -1
        node2 = 1
        currentIndex = -1
        lastValue = 0
CMaxStruct --->
devName = TL082
devType = OPAMP
topLevelRefDes = U3A
refDes = U3A
spiceDesig = X
scaldPath = U3A
simTemp = 27
simTime = 1e-06
        CMaxParam ------>
        keyword = IMINUS
        description = Max input current(-)
        maxOpStatus = 101
        maxOpValue = 1e+35
        maxOpMask = 1
        errorLevel = 1
        peakDeratedMax = 1e+35
        averageDeratedMax = 1e+35
        rmsDeratedMax = 1e+35
        peak = -1e+100
        average = 0
        rms = 0
        peakPercent = 0
        averagePercent = 0
        rmsPercent = 0
        node1Index = -1
        node2Index = -1
        currentIndex = -1
        portName = -
        lastValue = 0
        CMaxParam ------>
        keyword = IPLUS
        description = Max input current(+)
        maxOpStatus = 101
        maxOpValue = 1e+35
        maxOpMask = 1
        errorLevel = 1
        peakDeratedMax = 1e+35
        averageDeratedMax = 1e+35
        rmsDeratedMax = 1e+35
        peak = -1e+100
        average = 0
        rms = 0
        peakPercent = 0
        averagePercent = 0
        rmsPercent = 0
        node1Index = -1
        node2Index = -1
        currentIndex = -1
        portName = +
        lastValue = 0
        CMaxParam ------>
        keyword = IOUT
        description = Output current
        maxOpStatus = 101
        maxOpValue = 1e+35
        maxOpMask = 1
        errorLevel = 1
        peakDeratedMax = 1e+35
        averageDeratedMax = 1e+35
        rmsDeratedMax = 1e+35
        peak = -1e+100
        average = 0
        rms = 0
        peakPercent = 0
        averagePercent = 0
        rmsPercent = 0
        node1Index = -1
        node2Index = -1
        currentIndex = -1
        portName = OUT
        lastValue = 0
        CMaxParam ------>
        keyword = VDIFF
        description = Differential VIN
        maxOpStatus = 100
        maxOpValue = 60
        maxOpMask = 1
        errorLevel = 0
        peakDeratedMax = 60
        averageDeratedMax = 60
        rmsDeratedMax = 60
        peak = 0.00172928
        average = 0.00172928
        rms = 0.00172928
        peakPercent = 0.00288214
        averagePercent = 0.00288214
        rmsPercent = 0.00288214
        node1Index = -1
        node1 = +
        node2Index = -1
        node2 = -
        currentIndex = -1
        lastValue = 0
        CMaxParam ------>
        keyword = VMMAX
        description = Max input voltage(-)
        maxOpStatus = 100
        maxOpValue = -3
        maxOpMask = 1
        errorLevel = 0
        peakDeratedMax = -3
        averageDeratedMax = -3
        rmsDeratedMax = -3
        peak = -6.59831
        average = -6.59831
        rms = 6.59831
        peakPercent = 0
        averagePercent = 0
        rmsPercent = 419.944
        node1Index = -1
        node1 = -
        node2Index = -1
        node2 = V+
        currentIndex = -1
        lastValue = 0
        CMaxParam ------>
        keyword = VMMIN
        description = Min input voltage(-)
        maxOpStatus = 100
        maxOpValue = -3
        maxOpMask = 1
        errorLevel = 0
        peakDeratedMax = -3
        averageDeratedMax = -3
        rmsDeratedMax = -3
        peak = -7.473
        average = -7.473
        rms = 7.473
        peakPercent = 0
        averagePercent = 0
        rmsPercent = 449.1
        node1Index = -1
        node1 = V-
        node2Index = -1
        node2 = -
        currentIndex = -1
        lastValue = 0
        CMaxParam ------>
        keyword = VPMAX
        description = Max input voltage(+)
        maxOpStatus = 100
        maxOpValue = -3
        maxOpMask = 1
        errorLevel = 0
        peakDeratedMax = -3
        averageDeratedMax = -3
        rmsDeratedMax = -3
        peak = -6.59658
        average = -6.59658
        rms = 6.59658
        peakPercent = 0
        averagePercent = 0
        rmsPercent = 419.886
        node1Index = -1
        node1 = +
        node2Index = -1
        node2 = V+
        currentIndex = -1
        lastValue = 0
        CMaxParam ------>
        keyword = VPMIN
        description = Min input voltage(+)
        maxOpStatus = 100
        maxOpValue = -3
        maxOpMask = 1
        errorLevel = 0
        peakDeratedMax = -3
        averageDeratedMax = -3
        rmsDeratedMax = -3
        peak = -7.47473
        average = -7.47473
        rms = 7.47473
        peakPercent = 0
        averagePercent = 0
        rmsPercent = 449.158
        node1Index = -1
        node1 = V-
        node2Index = -1
        node2 = +
        currentIndex = -1
        lastValue = 0
        CMaxParam ------>
        keyword = VCCMAX
        description = Max Pos supply volt
        maxOpStatus = 100
        maxOpValue = 18
        maxOpMask = 1
        errorLevel = 0
        peakDeratedMax = 18
        averageDeratedMax = 18
        rmsDeratedMax = 18
        peak = 14.0713
        average = 14.0713
        rms = 14.0713
        peakPercent = 78.1739
        averagePercent = 78.1739
        rmsPercent = 78.1739
        node1Index = -1
        node1 = V+
        node2Index = -1
        node2 = 0
        currentIndex = -1
        lastValue = 0
        CMaxParam ------>
        keyword = VEEMAX
        description = Max Neg supply volt
        maxOpStatus = 100
        maxOpValue = 18
        maxOpMask = 1
        errorLevel = 0
        peakDeratedMax = 18
        averageDeratedMax = 18
        rmsDeratedMax = 18
        peak = 0
        average = 0
        rms = 0
        peakPercent = 0
        averagePercent = 0
        rmsPercent = 0
        node1Index = -1
        node1 = 0
        node2Index = -1
        node2 = V-
        currentIndex = -1
        lastValue = 0
        CMaxParam ------>
        keyword = VSUPM
        description = Max supply volt diff
        maxOpStatus = 101
        maxOpValue = 1e+35
        maxOpMask = 7
        errorLevel = 1
        peakDeratedMax = 1e+35
        averageDeratedMax = 1e+35
        rmsDeratedMax = 1e+35
        peak = -1e+100
        average = 0
        rms = 0
        peakPercent = 0
        averagePercent = 0
        rmsPercent = 0
        node1Index = -1
        node1 = V+
        node2Index = -1
        node2 = V-
        currentIndex = -1
        lastValue = 0
        CMaxParam ------>
        keyword = VSMAX
        description = Max supply volt diff
        maxOpStatus = 100
        maxOpValue = 36
        maxOpMask = 1
        errorLevel = 0
        peakDeratedMax = 36
        averageDeratedMax = 36
        rmsDeratedMax = 36
        peak = 14.0713
        average = 14.0713
        rms = 14.0713
        peakPercent = 39.087
        averagePercent = 39.087
        rmsPercent = 39.087
        node1Index = -1
        node1 = V+
        node2Index = -1
        node2 = V-
        currentIndex = -1
        lastValue = 0
CMaxStruct --->
devName = R
devType = RES
topLevelRefDes = R4
refDes = R4
spiceDesig = R
scaldPath = R4
simTemp = 27
simTime = 1e-06
        CMaxParam ------>
        keyword = PDM
        description = Maximum power dissipation
        maxOpStatus = 100
        maxOpValue = 0.25
        maxOpMask = 6
        errorLevel = 0
        peakDeratedMax = 0.21276
        averageDeratedMax = 0.21276
        rmsDeratedMax = 0.21276
        peak = 0.00349036
        average = 0.00349036
        rms = 0.00349036
        peakPercent = 1.64052
        averagePercent = 1.64052
        rmsPercent = 1.64052
        node1Index = -1
        node2Index = -1
        currentIndex = -1
        lastValue = 0
        CMaxParam ------>
        keyword = RV
        description = Maximum voltage
        maxOpStatus = 101
        maxOpValue = 1e+35
        maxOpMask = 7
        errorLevel = 1
        peakDeratedMax = 1e+35
        averageDeratedMax = 1e+35
        rmsDeratedMax = 1e+35
        peak = -1e+100
        average = 0
        rms = 0
        peakPercent = 0
        averagePercent = 0
        rmsPercent = 0
        node1Index = -1
        node1 = 1
        node2Index = -1
        node2 = 2
        currentIndex = -1
        lastValue = 0
        CMaxParam ------>
        keyword = TB
        description = Maximum breakdown temperature
        maxOpStatus = 100
        maxOpValue = 200
        maxOpMask = 3
        errorLevel = 0
        peakDeratedMax = 200
        averageDeratedMax = 200
        rmsDeratedMax = 200
        peak = 29.7923
        average = 29.7923
        rms = 29.7923
        peakPercent = 14.8961
        averagePercent = 14.8961
        rmsPercent = 14.8961
        node1Index = -1
        node2Index = -1
        currentIndex = -1
        lastValue = 0
CMaxStruct --->
devName = R
devType = RES
topLevelRefDes = R1
refDes = R1
spiceDesig = R
scaldPath = R1
simTemp = 27
simTime = 1e-06
        CMaxParam ------>
        keyword = PDM
        description = Maximum power dissipation
        maxOpStatus = 100
        maxOpValue = 0.25
        maxOpMask = 6
        errorLevel = 0
        peakDeratedMax = 0.172735
        averageDeratedMax = 0.172735
        rmsDeratedMax = 0.172735
        peak = 0.0435149
        average = 0.0435149
        rms = 0.0435149
        peakPercent = 25.1917
        averagePercent = 25.1917
        rmsPercent = 25.1917
        node1Index = -1
        node2Index = -1
        currentIndex = -1
        lastValue = 0
        CMaxParam ------>
        keyword = RV
        description = Maximum voltage
        maxOpStatus = 101
        maxOpValue = 1e+35
        maxOpMask = 7
        errorLevel = 1
        peakDeratedMax = 1e+35
        averageDeratedMax = 1e+35
        rmsDeratedMax = 1e+35
        peak = -1e+100
        average = 0
        rms = 0
        peakPercent = 0
        averagePercent = 0
        rmsPercent = 0
        node1Index = -1
        node1 = 1
        node2Index = -1
        node2 = 2
        currentIndex = -1
        lastValue = 0
        CMaxParam ------>
        keyword = TB
        description = Maximum breakdown temperature
        maxOpStatus = 100
        maxOpValue = 200
        maxOpMask = 3
        errorLevel = 0
        peakDeratedMax = 200
        averageDeratedMax = 200
        rmsDeratedMax = 200
        peak = 61.8119
        average = 61.8119
        rms = 61.8119
        peakPercent = 30.9059
        averagePercent = 30.9059
        rmsPercent = 30.9059
        node1Index = -1
        node2Index = -1
        currentIndex = -1
        lastValue = 0
CMaxStruct --->
devName = R
devType = RES
topLevelRefDes = R2
refDes = R2
spiceDesig = R
scaldPath = R2
simTemp = 27
simTime = 1e-06
        CMaxParam ------>
        keyword = PDM
        description = Maximum power dissipation
        maxOpStatus = 100
        maxOpValue = 0.25
        maxOpMask = 6
        errorLevel = 0
        peakDeratedMax = 0.216249
        averageDeratedMax = 0.216249
        rmsDeratedMax = 0.216249
        peak = 8.34079e-07
        average = 8.34079e-07
        rms = 8.34079e-07
        peakPercent = 0.000385703
        averagePercent = 0.000385703
        rmsPercent = 0.000385703
        node1Index = -1
        node2Index = -1
        currentIndex = -1
        lastValue = 0
        CMaxParam ------>
        keyword = RV
        description = Maximum voltage
        maxOpStatus = 101
        maxOpValue = 1e+35
        maxOpMask = 7
        errorLevel = 1
        peakDeratedMax = 1e+35
        averageDeratedMax = 1e+35
        rmsDeratedMax = 1e+35
        peak = -1e+100
        average = 0
        rms = 0
        peakPercent = 0
        averagePercent = 0
        rmsPercent = 0
        node1Index = -1
        node1 = 1
        node2Index = -1
        node2 = 2
        currentIndex = -1
        lastValue = 0
        CMaxParam ------>
        keyword = TB
        description = Maximum breakdown temperature
        maxOpStatus = 100
        maxOpValue = 200
        maxOpMask = 3
        errorLevel = 0
        peakDeratedMax = 200
        averageDeratedMax = 200
        rmsDeratedMax = 200
        peak = 27.0007
        average = 27.0007
        rms = 27.0007
        peakPercent = 13.5003
        averagePercent = 13.5003
        rmsPercent = 13.5003
        node1Index = -1
        node2Index = -1
        currentIndex = -1
        lastValue = 0
CMaxStruct --->
devName = D1N4148
devType = DIODE
topLevelRefDes = D3
refDes = D3
spiceDesig = X
scaldPath = D3
simTemp = 27
simTime = 1e-06
        CMaxParam ------>
        keyword = IF
        description = Max forward current
        maxOpStatus = 101
        maxOpValue = 1e+35
        maxOpMask = 3
        errorLevel = 1
        peakDeratedMax = 1e+35
        averageDeratedMax = 1e+35
        rmsDeratedMax = 1e+35
        peak = -1e+100
        average = 0
        rms = 0
        peakPercent = 0
        averagePercent = 0
        rmsPercent = 0
        node1Index = -1
        node2Index = -1
        currentIndex = -1
        portName = 1
        lastValue = 0
        CMaxParam ------>
        keyword = PDM
        description = Maximum power dissipation
        maxOpStatus = 100
        maxOpValue = 0.5
        maxOpMask = 6
        errorLevel = 2
        peakDeratedMax = 0.5
        averageDeratedMax = 0.5
        rmsDeratedMax = 0.5
        peak = 4.60656e-08
        average = 4.60656e-08
        rms = 4.60656e-08
        peakPercent = 9.21313e-06
        averagePercent = 9.21313e-06
        rmsPercent = 9.21313e-06
        node1Index = -1
        node2Index = -1
        currentIndex = -1
        lastValue = 0
        CMaxParam ------>
        keyword = TJ
        description = Maximum junction temperature
        maxOpStatus = 100
        maxOpValue = 200
        maxOpMask = 3
        errorLevel = 0
        peakDeratedMax = 200
        averageDeratedMax = 200
        rmsDeratedMax = 200
        peak = 27
        average = 27
        rms = 27
        peakPercent = 13.5
        averagePercent = 13.5
        rmsPercent = 13.5
        node1Index = -1
        node2Index = -1
        currentIndex = -1
        lastValue = 0
        CMaxParam ------>
        keyword = VR
        description = Peak reverse voltage
        maxOpStatus = 100
        maxOpValue = 75
        maxOpMask = 4
        errorLevel = 0
        peakDeratedMax = 75
        averageDeratedMax = 75
        rmsDeratedMax = 75
        peak = 7.03571
        average = 7.03571
        rms = 7.03571
        peakPercent = 9.38095
        averagePercent = 9.38095
        rmsPercent = 9.38095
        node1Index = -1
        node1 = 2
        node2Index = -1
        node2 = 1
        currentIndex = -1
        lastValue = 0
CMaxStruct --->
devName = Q2N3055
devType = NPN
topLevelRefDes = Q1
refDes = Q1
spiceDesig = X
scaldPath = Q1
simTemp = 27
simTime = 1e-06
        CMaxParam ------>
        keyword = IC
        description = Max collector current
        maxOpStatus = 100
        maxOpValue = 15
        maxOpMask = 3
        errorLevel = 0
        peakDeratedMax = 15
        averageDeratedMax = 15
        rmsDeratedMax = 15
        peak = 0.00160202
        average = 0.00160202
        rms = 0.00160202
        peakPercent = 0.0106801
        averagePercent = 0.0106801
        rmsPercent = 0.0106801
        node1Index = -1
        node2Index = -1
        currentIndex = -1
        portName = C
        lastValue = 0
        CMaxParam ------>
        keyword = IB
        description = Max base current
        maxOpStatus = 100
        maxOpValue = 7
        maxOpMask = 2
        errorLevel = 0
        peakDeratedMax = 7
        averageDeratedMax = 7
        rmsDeratedMax = 7
        peak = 6.53914e-05
        average = 6.53914e-05
        rms = 6.53914e-05
        peakPercent = 0.000934163
        averagePercent = 0.000934163
        rmsPercent = 0.000934163
        node1Index = -1
        node2Index = -1
        currentIndex = -1
        portName = B
        lastValue = 0
        CMaxParam ------>
        keyword = PDM
        description = Maximum power dissipation
        maxOpStatus = 100
        maxOpValue = 115
        maxOpMask = 6
        errorLevel = 2
        peakDeratedMax = 115
        averageDeratedMax = 115
        rmsDeratedMax = 115
        peak = 0.00334771
        average = 0.00334771
        rms = 0.00334771
        peakPercent = 0.00291105
        averagePercent = 0.00291105
        rmsPercent = 0.00291105
        node1Index = -1
        node2Index = -1
        currentIndex = -1
        lastValue = 0
        CMaxParam ------>
        keyword = SB
        description = Maximum secondary breakdown
        maxOpStatus = 101
        maxOpValue = 1e+35
        maxOpMask = 2
        errorLevel = 1
        peakDeratedMax = 1e+35
        averageDeratedMax = 1e+35
        rmsDeratedMax = 1e+35
        peak = -1e+100
        average = 0
        rms = 0
        peakPercent = 0
        averagePercent = 0
        rmsPercent = 0
        node1Index = -1
        node1 = C
        node2Index = -1
        node2 = E
        currentIndex = -1
        portName = C
        lastValue = 0
        CMaxParam ------>
        keyword = TJ
        description = Maximum junction temperature
        maxOpStatus = 100
        maxOpValue = 200
        maxOpMask = 3
        errorLevel = 0
        peakDeratedMax = 200
        averageDeratedMax = 200
        rmsDeratedMax = 200
        peak = 27.005
        average = 27.005
        rms = 27.005
        peakPercent = 13.5025
        averagePercent = 13.5025
        rmsPercent = 13.5025
        node1Index = -1
        node2Index = -1
        currentIndex = -1
        lastValue = 0
        CMaxParam ------>
        keyword = VCB
        description = Max C-B voltage
        maxOpStatus = 100
        maxOpValue = 100
        maxOpMask = 1
        errorLevel = 0
        peakDeratedMax = 100
        averageDeratedMax = 100
        rmsDeratedMax = 100
        peak = 1.51921
        average = 1.51921
        rms = 1.51921
        peakPercent = 1.51921
        averagePercent = 1.51921
        rmsPercent = 1.51921
        node1Index = -1
        node1 = C
        node2Index = -1
        node2 = B
        currentIndex = -1
        lastValue = 0
        CMaxParam ------>
        keyword = VCE
        description = Max C-E voltage
        maxOpStatus = 100
        maxOpValue = 60
        maxOpMask = 1
        errorLevel = 0
        peakDeratedMax = 60
        averageDeratedMax = 60
        rmsDeratedMax = 60
        peak = 2.0673
        average = 2.0673
        rms = 2.0673
        peakPercent = 3.44551
        averagePercent = 3.44551
        rmsPercent = 3.44551
        node1Index = -1
        node1 = C
        node2Index = -1
        node2 = E
        currentIndex = -1
        lastValue = 0
        CMaxParam ------>
        keyword = VEB
        description = Max E-B voltage
        maxOpStatus = 100
        maxOpValue = 7
        maxOpMask = 1
        errorLevel = 0
        peakDeratedMax = 7
        averageDeratedMax = 7
        rmsDeratedMax = 7
        peak = -0.548093
        average = -0.548093
        rms = 0.548093
        peakPercent = 0
        averagePercent = 0
        rmsPercent = 7.82989
        node1Index = -1
        node1 = E
        node2Index = -1
        node2 = B
        currentIndex = -1
        lastValue = 0
CMaxStruct --->
devName = D1N4148
devType = DIODE
topLevelRefDes = D1
refDes = D1
spiceDesig = X
scaldPath = D1
simTemp = 27
simTime = 1e-06
        CMaxParam ------>
        keyword = IF
        description = Max forward current
        maxOpStatus = 101
        maxOpValue = 1e+35
        maxOpMask = 3
        errorLevel = 1
        peakDeratedMax = 1e+35
        averageDeratedMax = 1e+35
        rmsDeratedMax = 1e+35
        peak = -1e+100
        average = 0
        rms = 0
        peakPercent = 0
        averagePercent = 0
        rmsPercent = 0
        node1Index = -1
        node2Index = -1
        currentIndex = -1
        portName = 1
        lastValue = 0
        CMaxParam ------>
        keyword = PDM
        description = Maximum power dissipation
        maxOpStatus = 100
        maxOpValue = 0.5
        maxOpMask = 6
        errorLevel = 2
        peakDeratedMax = 0.5
        averageDeratedMax = 0.5
        rmsDeratedMax = 0.5
        peak = 4.60656e-08
        average = 4.60656e-08
        rms = 4.60656e-08
        peakPercent = 9.21313e-06
        averagePercent = 9.21313e-06
        rmsPercent = 9.21313e-06
        node1Index = -1
        node2Index = -1
        currentIndex = -1
        lastValue = 0
        CMaxParam ------>
        keyword = TJ
        description = Maximum junction temperature
        maxOpStatus = 100
        maxOpValue = 200
        maxOpMask = 3
        errorLevel = 0
        peakDeratedMax = 200
        averageDeratedMax = 200
        rmsDeratedMax = 200
        peak = 27
        average = 27
        rms = 27
        peakPercent = 13.5
        averagePercent = 13.5
        rmsPercent = 13.5
        node1Index = -1
        node2Index = -1
        currentIndex = -1
        lastValue = 0
        CMaxParam ------>
        keyword = VR
        description = Peak reverse voltage
        maxOpStatus = 100
        maxOpValue = 75
        maxOpMask = 4
        errorLevel = 0
        peakDeratedMax = 75
        averageDeratedMax = 75
        rmsDeratedMax = 75
        peak = 7.03571
        average = 7.03571
        rms = 7.03571
        peakPercent = 9.38095
        averagePercent = 9.38095
        rmsPercent = 9.38095
        node1Index = -1
        node1 = 2
        node2Index = -1
        node2 = 1
        currentIndex = -1
        lastValue = 0
CMaxStruct --->
devName = R
devType = RES
topLevelRefDes = R7
refDes = R7
spiceDesig = R
scaldPath = R7
simTemp = 27
simTime = 1e-06
        CMaxParam ------>
        keyword = PDM
        description = Maximum power dissipation
        maxOpStatus = 100
        maxOpValue = 0.25
        maxOpMask = 6
        errorLevel = 0
        peakDeratedMax = 0.21625
        averageDeratedMax = 0.21625
        rmsDeratedMax = 0.21625
        peak = 4.236e-29
        average = 7.79431e-30
        rms = 8.01049e-30
        peakPercent = 0
        averagePercent = 0
        rmsPercent = 0
        node1Index = -1
        node2Index = -1
        currentIndex = -1
        lastValue = 0
        CMaxParam ------>
        keyword = RV
        description = Maximum voltage
        maxOpStatus = 101
        maxOpValue = 1e+35
        maxOpMask = 7
        errorLevel = 1
        peakDeratedMax = 1e+35
        averageDeratedMax = 1e+35
        rmsDeratedMax = 1e+35
        peak = -1e+100
        average = 0
        rms = 0
        peakPercent = 0
        averagePercent = 0
        rmsPercent = 0
        node1Index = -1
        node1 = 1
        node2Index = -1
        node2 = 2
        currentIndex = -1
        lastValue = 0
        CMaxParam ------>
        keyword = TB
        description = Maximum breakdown temperature
        maxOpStatus = 100
        maxOpValue = 200
        maxOpMask = 3
        errorLevel = 0
        peakDeratedMax = 200
        averageDeratedMax = 200
        rmsDeratedMax = 200
        peak = 27
        average = 27
        rms = 27
        peakPercent = 13.5
        averagePercent = 13.5
        rmsPercent = 13.5
        node1Index = -1
        node2Index = -1
        currentIndex = -1
        lastValue = 0
CMaxStruct --->
devName = Q2N3055
devType = NPN
topLevelRefDes = Q2
refDes = Q2
spiceDesig = X
scaldPath = Q2
simTemp = 27
simTime = 1e-06
        CMaxParam ------>
        keyword = IC
        description = Max collector current
        maxOpStatus = 100
        maxOpValue = 15
        maxOpMask = 3
        errorLevel = 0
        peakDeratedMax = 15
        averageDeratedMax = 15
        rmsDeratedMax = 15
        peak = 2.98242e-12
        average = 2.07297e-12
        rms = 2.07904e-12
        peakPercent = 1.98841e-11
        averagePercent = 1.38223e-11
        rmsPercent = 1.38556e-11
        node1Index = -1
        node2Index = -1
        currentIndex = -1
        portName = C
        lastValue = 0
        CMaxParam ------>
        keyword = IB
        description = Max base current
        maxOpStatus = 100
        maxOpValue = 7
        maxOpMask = 2
        errorLevel = 0
        peakDeratedMax = 7
        averageDeratedMax = 7
        rmsDeratedMax = 7
        peak = 1.15881e-11
        average = 8.52386e-12
        rms = 8.52555e-12
        peakPercent = 1.65545e-10
        averagePercent = 1.21769e-10
        rmsPercent = 1.21791e-10
        node1Index = -1
        node2Index = -1
        currentIndex = -1
        portName = B
        lastValue = 0
        CMaxParam ------>
        keyword = PDM
        description = Maximum power dissipation
        maxOpStatus = 100
        maxOpValue = 115
        maxOpMask = 6
        errorLevel = 2
        peakDeratedMax = 115
        averageDeratedMax = 115
        rmsDeratedMax = 115
        peak = 1.63993e-12
        average = 1.14148e-12
        rms = 1.14479e-12
        peakPercent = 1.42109e-12
        averagePercent = 9.88098e-13
        rmsPercent = 9.99201e-13
        node1Index = -1
        node2Index = -1
        currentIndex = -1
        lastValue = 0
        CMaxParam ------>
        keyword = SB
        description = Maximum secondary breakdown
        maxOpStatus = 101
        maxOpValue = 1e+35
        maxOpMask = 2
        errorLevel = 1
        peakDeratedMax = 1e+35
        averageDeratedMax = 1e+35
        rmsDeratedMax = 1e+35
        peak = -1e+100
        average = 0
        rms = 0
        peakPercent = 0
        averagePercent = 0
        rmsPercent = 0
        node1Index = -1
        node1 = C
        node2Index = -1
        node2 = E
        currentIndex = -1
        portName = C
        lastValue = 0
        CMaxParam ------>
        keyword = TJ
        description = Maximum junction temperature
        maxOpStatus = 100
        maxOpValue = 200
        maxOpMask = 3
        errorLevel = 0
        peakDeratedMax = 200
        averageDeratedMax = 200
        rmsDeratedMax = 200
        peak = 27
        average = 27
        rms = 27
        peakPercent = 13.5
        averagePercent = 13.5
        rmsPercent = 13.5
        node1Index = -1
        node2Index = -1
        currentIndex = -1
        lastValue = 0
        CMaxParam ------>
        keyword = VCB
        description = Max C-B voltage
        maxOpStatus = 100
        maxOpValue = 100
        maxOpMask = 1
        errorLevel = 0
        peakDeratedMax = 100
        averageDeratedMax = 100
        rmsDeratedMax = 100
        peak = 0.548093
        average = 0.548093
        rms = 0.548093
        peakPercent = 0.548093
        averagePercent = 0.548093
        rmsPercent = 0.548093
        node1Index = -1
        node1 = C
        node2Index = -1
        node2 = B
        currentIndex = -1
        lastValue = 0
        CMaxParam ------>
        keyword = VCE
        description = Max C-E voltage
        maxOpStatus = 100
        maxOpValue = 60
        maxOpMask = 1
        errorLevel = 0
        peakDeratedMax = 60
        averageDeratedMax = 60
        rmsDeratedMax = 60
        peak = 0.548593
        average = 0.548593
        rms = 0.548593
        peakPercent = 0.914321
        averagePercent = 0.914321
        rmsPercent = 0.914321
        node1Index = -1
        node1 = C
        node2Index = -1
        node2 = E
        currentIndex = -1
        lastValue = 0
        CMaxParam ------>
        keyword = VEB
        description = Max E-B voltage
        maxOpStatus = 100
        maxOpValue = 7
        maxOpMask = 1
        errorLevel = 0
        peakDeratedMax = 7
        averageDeratedMax = 7
        rmsDeratedMax = 7
        peak = -0.000500224
        average = -0.000500224
        rms = 0.000500224
        peakPercent = 0
        averagePercent = 0
        rmsPercent = 0.00714605
        node1Index = -1
        node1 = E
        node2Index = -1
        node2 = B
        currentIndex = -1
        lastValue = 0
CMaxStruct --->
devName = r
devType = RES
topLevelRefDes = R8
refDes = R8
spiceDesig = R
scaldPath = R8
simTemp = 27
simTime = 1e-06
        CMaxParam ------>
        keyword = PDM
        description = Maximum power dissipation
        maxOpStatus = 101
        maxOpValue = 1e+35
        maxOpMask = 6
        errorLevel = 1
        peakDeratedMax = 1e+35
        averageDeratedMax = 1e+35
        rmsDeratedMax = 1e+35
        peak = -1e+100
        average = 0
        rms = 0
        peakPercent = 0
        averagePercent = 0
        rmsPercent = 0
        node1Index = -1
        node2Index = -1
        currentIndex = -1
        lastValue = 0
        CMaxParam ------>
        keyword = RV
        description = Maximum voltage
        maxOpStatus = 101
        maxOpValue = 1e+35
        maxOpMask = 7
        errorLevel = 1
        peakDeratedMax = 1e+35
        averageDeratedMax = 1e+35
        rmsDeratedMax = 1e+35
        peak = -1e+100
        average = 0
        rms = 0
        peakPercent = 0
        averagePercent = 0
        rmsPercent = 0
        node1Index = -1
        node1 = 1
        node2Index = -1
        node2 = 2
        currentIndex = -1
        lastValue = 0
        CMaxParam ------>
        keyword = TB
        description = Maximum breakdown temperature
        maxOpStatus = 101
        maxOpValue = 1e+35
        maxOpMask = 3
        errorLevel = 1
        peakDeratedMax = 1e+35
        averageDeratedMax = 1e+35
        rmsDeratedMax = 1e+35
        peak = -1e+100
        average = 0
        rms = 0
        peakPercent = 0
        averagePercent = 0
        rmsPercent = 0
        node1Index = -1
        node2Index = -1
        currentIndex = -1
        lastValue = 0
CMaxStruct --->
devName = awb1n3830
devType = DIODE
topLevelRefDes = D5
refDes = D5
spiceDesig = X
scaldPath = D5
simTemp = 27
simTime = 1e-06
        CMaxParam ------>
        keyword = IF
        description = Max Forward Current
        maxOpStatus = 100
        maxOpValue = 0.5
        maxOpMask = 3
        errorLevel = 0
        peakDeratedMax = 0.5
        averageDeratedMax = 0.5
        rmsDeratedMax = 0.5
        peak = -0.00659658
        average = -0.00659658
        rms = 0.00659658
        peakPercent = 0
        averagePercent = 0
        rmsPercent = 1.31932
        node1Index = -1
        node2Index = -1
        currentIndex = 0
        portName = AN
        lastValue = 0
        CMaxParam ------>
        keyword = IRMX
        description = Max Reverse Current
        maxOpStatus = 100
        maxOpValue = 0.121
        maxOpMask = 1
        errorLevel = 0
        peakDeratedMax = 0.121
        averageDeratedMax = 0.121
        rmsDeratedMax = 0.121
        peak = 0.00659658
        average = 0.00659658
        rms = 0.00659658
        peakPercent = 5.45172
        averagePercent = 5.45172
        rmsPercent = 5.45172
        node1Index = -1
        node2Index = -1
        currentIndex = 0
        portName = AN
        lastValue = 0
        CMaxParam ------>
        keyword = PDM
        description = Maximum power dissipation
        maxOpStatus = 100
        maxOpValue = 0.986667
        maxOpMask = 6
        errorLevel = 0
        peakDeratedMax = 0.986667
        averageDeratedMax = 0.986667
        rmsDeratedMax = 0.986667
        peak = 0.0493076
        average = 0.0493076
        rms = 0.0493076
        peakPercent = 4.9974
        averagePercent = 4.9974
        rmsPercent = 4.9974
        node1Index = -1
        node2Index = -1
        currentIndex = -1
        lastValue = 0
        CMaxParam ------>
        keyword = TJ
        description = Maximum junction temperature
        maxOpStatus = 100
        maxOpValue = 175
        maxOpMask = 3
        errorLevel = 0
        peakDeratedMax = 175
        averageDeratedMax = 175
        rmsDeratedMax = 175
        peak = 34.3961
        average = 34.3961
        rms = 34.3961
        peakPercent = 19.6549
        averagePercent = 19.6549
        rmsPercent = 19.6549
        node1Index = -1
        node2Index = -1
        currentIndex = -1
        lastValue = 0
